{
   "$schema": "https://json-schema.org/draft/2020-12/schema",
   "$ref": "#/$defs/root",
   "$defs": {
      "Person": {
         "type": "object",
         "properties": {
            "age": {
               "type": "number",
               "example": 9
            },
            "name": {
               "type": "string",
               "example": "Miller"
            },
            "post": {
               "type": "object",
               "properties": {}
            }
         },
         "additionalProperties": false,
         "required": ["age"]
      },
      "root": {
         "type": "object",
         "properties": {"Person": {"$ref": "#/$defs/Person"}},
         "additionalProperties": false
      }
   }
}