/meals: Array has less than 2 items
/fav: False schema always fails
/meals: False schema always fails