{"$defs": {"Person": {"value": {
   "age": 9,
   "name": "Miller",
   "post": {}
}}}}