{"$defs": {"Person": {"value": {
   "meals": [
      "fish",
      "meat"
   ],
   "fav": ["dylan"]
}}}}