{
   "_raw.text": "lolo",
   "_raw._24_names.0.first": "john",
   "_raw._24_names.0.last": "miller",
   "_raw._24_names.1.first": "johnny",
   "_raw._24_names.1.last": "muller",
   "_raw.age": 99
}