{
   "_24_names.0.first": [
      "john",
      "james"
   ],
   "_24_names.0.last_2e_num_5f_All_7e_w_5c_ed": [
      "miller",
      "muller",
      88
   ]
}