{
   "_path.a": 22,
   "_path.b.c": 8,
   "_id": "99"
}