{
   "_30_.0.first.0": "john",
   "_30_.0.first.1": "james",
   "_30_.0._31__30_": 88
}